// Jest Snapshot v1, https://goo.gl/fbAQLP

exports[`components/Head should render and match snapshot 1`] = `
<header
  className="header"
>
  <div
    className="container"
  >
    <div
      className="row"
    >
      some text
    </div>
  </div>
</header>
`;
