// Jest Snapshot v1, https://goo.gl/fbAQLP

exports[`components/ButtonLink should render and match snapshot 1`] = `
<nav
  className="navbar navbar-default navbar-top"
>
  <div
    className="container"
  >
    <div
      className="navbar-header"
    >
      <button
        className="navbar-toggle collapsed"
        data-target=".bs-example-navbar-collapse-1"
        data-toggle="collapse"
        type="button"
      >
        <span
          className="sr-only"
        >
          Toggle navigation
        </span>
        <span
          className="icon-bar"
        />
        <span
          className="icon-bar"
        />
        <span
          className="icon-bar"
        />
      </button>
    </div>
    <div
      className="collapse navbar-collapse bs-example-navbar-collapse-1"
    >
      <ul
        className="nav navbar-nav"
      >
        SOME_TEXT
      </ul>
    </div>
  </div>
</nav>
`;
