// Jest Snapshot v1, https://goo.gl/fbAQLP

exports[`components/ButtonLink should render and match snapshot 1`] = `
<Link
  className="button_home"
  to="/"
>
  some text
</Link>
`;
